// Vitest Snapshot v1, https://vitest.dev/guide/snapshot.html

exports[`Testimonial: > should render correctly 1`] = `
<DocumentFragment>
  <article
    class="m-[3rem_0] flex h-[40rem] w-full flex-col items-start justify-evenly border-[3px] border-solid border-darkgrey-2 bg-darkgrey-2 p-16 text-left hover:border-primary"
    id="cdbc1f6c-4153-40f2-a00c-e0957fa2812b"
  >
    <div
      class="flex flex-row"
    >
      <svg
        aria-hidden="true"
        class="h-6 w-6 fill-yellow"
        role="img"
      >
        <use
          xlink:href="#icon-star-full"
        />
      </svg>
      <svg
        aria-hidden="true"
        class="h-6 w-6 fill-yellow"
        role="img"
      >
        <use
          xlink:href="#icon-star-full"
        />
      </svg>
      <svg
        aria-hidden="true"
        class="h-6 w-6 fill-yellow"
        role="img"
      >
        <use
          xlink:href="#icon-star-full"
        />
      </svg>
      <svg
        aria-hidden="true"
        class="h-6 w-6 fill-yellow"
        role="img"
      >
        <use
          xlink:href="#icon-star-full"
        />
      </svg>
      <svg
        aria-hidden="true"
        class="h-6 w-6 fill-yellow"
        role="img"
      >
        <use
          xlink:href="#icon-star-empty"
        />
      </svg>
    </div>
    <p
      class="text-3xl text-lightgrey"
    >
      Lorem ipsum dolor sit amet consectetur adipisicing elit. Et porro dignissimos quisquam distinctio totam obcaecati laudantium accusamus id ut architecto!
    </p>
    <div
      class="flex items-center gap-10"
    >
      <div
        class="h-32 w-32 overflow-hidden rounded-full"
      >
        <img
          alt="Paul Rodriguez's photo"
          class="h-full select-none"
          data-nimg="1"
          decoding="async"
          height="536"
          loading="lazy"
          src="/_next/image?url=%2Fimages%2Fclient-1.jpg&w=1080&q=75"
          srcset="/_next/image?url=%2Fimages%2Fclient-1.jpg&w=640&q=75 1x, /_next/image?url=%2Fimages%2Fclient-1.jpg&w=1080&q=75 2x"
          style="color: transparent;"
          width="536"
        />
      </div>
      <div
        class="text-2xl"
      >
        <p
          class="font-extrabold text-white"
        >
          Paul Rodriguez
        </p>
        <p
          class="font-medium text-primary"
        >
          Marketer
        </p>
      </div>
    </div>
  </article>
</DocumentFragment>
`;
