// Vitest Snapshot v1, https://vitest.dev/guide/snapshot.html

exports[`Wrapper: > should render correctly 1`] = `
<DocumentFragment>
  <section
    aria-labelledby="test_title"
    class="bg-white pb-32 text-center"
    id="test"
  >
    <svg
      class="text-black h-40 w-full"
      preserveAspectRatio="none"
      role="presentation"
      viewBox="0 0 500 150"
    >
      <path
        d="M0.00,49.98 C161.96,151.48 356.65,-54.75 500.00,49.98 L504.51,-36.00 L-13.54,-3.44 Z"
        fill="currentColor"
        stroke="none"
      />
    </svg>
    <header
      class="font-bold tracking-widest"
    >
      <h2
        class="mb-5 text-[2.4rem] uppercase text-primary"
        id="test_title"
      >
        Testing title
      </h2>
      <h3
        class="mb-10 text-[4rem] capitalize text-darkgrey"
      >
        Testing subtitle
      </h3>
    </header>
    <article>
      A child component
    </article>
  </section>
</DocumentFragment>
`;
