// Vitest Snapshot v1, https://vitest.dev/guide/snapshot.html

exports[`Icon: > should render correctly 1`] = `
<DocumentFragment>
  <svg
    class="fill-primary"
    role="img"
  >
    <use
      xlink:href="#icon-7"
    />
  </svg>
</DocumentFragment>
`;
