// Vitest Snapshot v1, https://vitest.dev/guide/snapshot.html

exports[`Service: > should render correctly 1`] = `
<DocumentFragment>
  <article
    class="flex w-80 flex-[1_1_30%] items-center justify-center overflow-hidden bg-lightgrey text-black hover:bg-primary hover:text-white [&>h4]:hover:translate-x-20 [&>svg]:hover:scale-150 [&>svg]:hover:opacity-60"
    id="92cf33d6-5464-4bb5-8768-d62f81ab5036"
  >
    <svg
      aria-hidden="true"
      class="mr-7 h-44 w-[4.8rem] scale-50 fill-primary-light opacity-0 transition-all duration-500"
      role="img"
    >
      <use
        xlink:href="#icon-strategy"
      />
    </svg>
    <h4
      class="select-none p-[3rem_6rem_3rem_0] text-[2.3rem] font-[500] transition-all duration-500"
    >
      Digital Marketing
    </h4>
  </article>
</DocumentFragment>
`;
